/p/hw/lzs/decode/rtl/verilog/decode_ctl.v
/p/hw/lzs/decode/rtl/verilog/decode_in.v
/p/hw/lzs/decode/rtl/verilog/decode_out.v
/p/hw/lzs/decode/rtl/verilog/decode.v
/p/hw/lzs/decode/rtl/verilog/generic_tpram.v
/p/hw/lzs/encode/rtl/verilog/encode_ctl.v
/p/hw/lzs/encode/rtl/verilog/encode_dp.v
/p/hw/lzs/encode/rtl/verilog/encode_out.v
/p/hw/lzs/encode/rtl/verilog/encode.v
/p/hw/oc-pci/rtl/verilog/bus_commands.v
/p/hw/oc-pci/rtl/verilog/pci_async_reset_flop.v
/p/hw/oc-pci/rtl/verilog/pci_bridge32.v
/p/hw/oc-pci/rtl/verilog/pci_cbe_en_crit.v
/p/hw/oc-pci/rtl/verilog/pci_conf_cyc_addr_dec.v
/p/hw/oc-pci/rtl/verilog/pci_conf_space.v
/p/hw/oc-pci/rtl/verilog/pci_constants.v
/p/hw/oc-pci/rtl/verilog/pci_cur_out_reg.v
/p/hw/oc-pci/rtl/verilog/pci_delayed_sync.v
/p/hw/oc-pci/rtl/verilog/pci_delayed_write_reg.v
/p/hw/oc-pci/rtl/verilog/pci_frame_crit.v
/p/hw/oc-pci/rtl/verilog/pci_frame_en_crit.v
/p/hw/oc-pci/rtl/verilog/pci_frame_load_crit.v
/p/hw/oc-pci/rtl/verilog/pci_in_reg.v
/p/hw/oc-pci/rtl/verilog/pci_io_mux_ad_en_crit.v
/p/hw/oc-pci/rtl/verilog/pci_io_mux_ad_load_crit.v
/p/hw/oc-pci/rtl/verilog/pci_io_mux.v
/p/hw/oc-pci/rtl/verilog/pci_irdy_out_crit.v
/p/hw/oc-pci/rtl/verilog/pci_mas_ad_en_crit.v
/p/hw/oc-pci/rtl/verilog/pci_mas_ad_load_crit.v
/p/hw/oc-pci/rtl/verilog/pci_mas_ch_state_crit.v
/p/hw/oc-pci/rtl/verilog/pci_master32_sm_if.v
/p/hw/oc-pci/rtl/verilog/pci_master32_sm.v
/p/hw/oc-pci/rtl/verilog/pci_out_reg.v
/p/hw/oc-pci/rtl/verilog/pci_par_crit.v
/p/hw/oc-pci/rtl/verilog/pci_parity_check.v
/p/hw/oc-pci/rtl/verilog/pci_pci_decoder.v
/p/hw/oc-pci/rtl/verilog/pci_pcir_fifo_control.v
/p/hw/oc-pci/rtl/verilog/pci_pci_tpram.v
/p/hw/oc-pci/rtl/verilog/pci_pciw_fifo_control.v
/p/hw/oc-pci/rtl/verilog/pci_pciw_pcir_fifos.v
/p/hw/oc-pci/rtl/verilog/pci_perr_crit.v
/p/hw/oc-pci/rtl/verilog/pci_perr_en_crit.v
/p/hw/oc-pci/rtl/verilog/pci_ram_16x40d.v
/p/hw/oc-pci/rtl/verilog/pci_rst_int.v
/p/hw/oc-pci/rtl/verilog/pci_serr_crit.v
/p/hw/oc-pci/rtl/verilog/pci_serr_en_crit.v
/p/hw/oc-pci/rtl/verilog/pci_spoci_ctrl.v
/p/hw/oc-pci/rtl/verilog/pci_synchronizer_flop.v
/p/hw/oc-pci/rtl/verilog/pci_sync_module.v
/p/hw/oc-pci/rtl/verilog/pci_target32_clk_en.v
/p/hw/oc-pci/rtl/verilog/pci_target32_devs_crit.v
/p/hw/oc-pci/rtl/verilog/pci_target32_interface.v
/p/hw/oc-pci/rtl/verilog/pci_target32_sm.v
/p/hw/oc-pci/rtl/verilog/pci_target32_stop_crit.v
/p/hw/oc-pci/rtl/verilog/pci_target32_trdy_crit.v
/p/hw/oc-pci/rtl/verilog/pci_target_unit.v
/p/hw/oc-pci/rtl/verilog/pci_user_constants.v
/p/hw/oc-pci/rtl/verilog/pci_wb_addr_mux.v
/p/hw/oc-pci/rtl/verilog/pci_wb_decoder.v
/p/hw/oc-pci/rtl/verilog/pci_wb_master.v
/p/hw/oc-pci/rtl/verilog/pci_wbr_fifo_control.v
/p/hw/oc-pci/rtl/verilog/pci_wb_slave_unit.v
/p/hw/oc-pci/rtl/verilog/pci_wb_slave.v
/p/hw/oc-pci/rtl/verilog/pci_wbs_wbb3_2_wbb2.v
/p/hw/oc-pci/rtl/verilog/pci_wb_tpram.v
/p/hw/oc-pci/rtl/verilog/pci_wbw_fifo_control.v
/p/hw/oc-pci/rtl/verilog/pci_wbw_wbr_fifos.v
/p/hw/oc-pci/rtl/verilog/timescale.v
/p/hw/ssadma/rtl/verilog/arbiter.v
/p/hw/ssadma/rtl/verilog/bridge.v
/p/hw/ssadma/rtl/verilog/ch0.v
/p/hw/ssadma/rtl/verilog/ch1.v
/p/hw/ssadma/rtl/verilog/ch.v
/p/hw/ssadma/rtl/verilog/codeout.v
/p/hw/ssadma/rtl/verilog/copy.v
/p/hw/ssadma/rtl/verilog/ctrl.v
/p/hw/ssadma/rtl/verilog/fifo_control.v
/p/hw/ssadma/rtl/verilog/fill.v
/p/hw/ssadma/rtl/verilog/mi32.v
/p/hw/ssadma/rtl/verilog/mi.v
/p/hw/ssadma/rtl/verilog/mixer.v
/p/hw/ssadma/rtl/verilog/mo32.v
/p/hw/ssadma/rtl/verilog/mo4.v
/p/hw/ssadma/rtl/verilog/mod.v
/p/hw/ssadma/rtl/verilog/mo.v
/p/hw/ssadma/rtl/verilog/read.v
/p/hw/ssadma/rtl/verilog/spi_usb.v
/p/hw/ssadma/rtl/verilog/ss_adma.v
/p/hw/ssadma/rtl/verilog/ss_sg.v
/p/hw/ssadma/rtl/verilog/ss_user_constants.v
/p/hw/ssadma/rtl/verilog/synchronizer_flop.v
/p/hw/ssadma/rtl/verilog/top.v
/p/hw/ssadma/rtl/verilog/wbm.v
/p/hw/ssadma/rtl/verilog/rbhash.v
/p/hw/ssadma/rtl/verilog/tpram.v
/p/hw/ssadma/rtl/verilog/spi_tri.v
/p/hw/systemc_rabinpoly/rtl/verilog/rabinpoly.v
/p/hw/systemc_rabinpoly/rtl/verilog/rabin.v
/p/hw/systemc_rabinpoly/rtl/verilog/ringbuf.v
/p/hw/systemc_rabinpoly/rtl/verilog/ROM256X64_T.v
/p/hw/systemc_rabinpoly/rtl/verilog/ROM256X64_U.v
